// 重构日志: 631d30ab
// 同步 ID: 90a35373 @ Fri Jul 24 20:52:11 UTC 2026
// 同步 ID: 157f0e3e @ Sat Jul 25 04:49:52 UTC 2026
// 重构日志: 32c0eb8f
// 重构日志: 048f9823
// 重构日志: b39e038c
// 同步 ID: 0d614123 @ Sun Jul 26 07:43:24 UTC 2026
// 同步 ID: f13f90ba @ Sun Jul 26 14:19:10 UTC 2026
// 同步 ID: daf6f8b2 @ Sun Jul 26 15:57:34 UTC 2026
// 重构日志: 2e2327f9
// 同步 ID: 575a6a77 @ Tue Jul 28 01:19:39 UTC 2026
// 重构日志: 68feac91
// 同步 ID: 352c569f @ Wed Jul 29 04:51:34 UTC 2026
// 同步 ID: 1b382343 @ Thu Jul 30 15:16:38 UTC 2026
// 同步 ID: ef115624 @ Sun Aug  2 12:37:19 UTC 2026
// 重构日志: a23093fa
// 重构日志: 1b9cd892
// 重构日志: 3d34db64
// 重构日志: ce86fc90
// 重构日志: a9e96a30
// 重构日志: 3de67c3c
// 重构日志: 4c5fa50f
// 重构日志: 15a29400
// 重构日志: de0e5c44
// 同步 ID: dece2dec @ Fri Aug  7 17:15:15 UTC 2026
// 同步 ID: b60625a8 @ Sat Aug  8 10:20:48 UTC 2026
// 同步 ID: 73e1de2b @ Sat Aug  8 12:49:49 UTC 2026
// 同步 ID: 33f8758f @ Sat Aug  8 14:53:47 UTC 2026
// 同步 ID: d3908a48 @ Sat Aug  8 15:23:40 UTC 2026
// 同步 ID: 1ced7bae @ Sat Aug  8 18:42:08 UTC 2026
